20:06:54 **** Build of project system_bsp ****
make -k all 
"Running Make include in ps7_cortexa9_0/libsrc/coresightps_dcc_v1_4/src"
make -C ps7_cortexa9_0/libsrc/coresightps_dcc_v1_4/src -s include  "SHELL=CMD" "COMPILER=arm-none-eabi-gcc" "ARCHIVER=arm-none-eabi-ar" "COMPILER_FLAGS=  -O2 -c" "EXTRA_COMPILER_FLAGS=-mcpu=cortex-a9 -mfpu=vfpv3 -mfloat-abi=hard -nostartfiles -g -Wall -Wextra"
"Running Make include in ps7_cortexa9_0/libsrc/cpu_cortexa9_v2_6/src"
make -C ps7_cortexa9_0/libsrc/cpu_cortexa9_v2_6/src -s include  "SHELL=CMD" "COMPILER=arm-none-eabi-gcc" "ARCHIVER=arm-none-eabi-ar" "COMPILER_FLAGS=  -O2 -c" "EXTRA_COMPILER_FLAGS=-mcpu=cortex-a9 -mfpu=vfpv3 -mfloat-abi=hard -nostartfiles -g -Wall -Wextra"
"Running Make include in ps7_cortexa9_0/libsrc/ddrps_v1_0/src"
make -C ps7_cortexa9_0/libsrc/ddrps_v1_0/src -s include  "SHELL=CMD" "COMPILER=arm-none-eabi-gcc" "ARCHIVER=arm-none-eabi-ar" "COMPILER_FLAGS=  -O2 -c" "EXTRA_COMPILER_FLAGS=-mcpu=cortex-a9 -mfpu=vfpv3 -mfloat-abi=hard -nostartfiles -g -Wall -Wextra"
"Running Make include in ps7_cortexa9_0/libsrc/devcfg_v3_5/src"
make -C ps7_cortexa9_0/libsrc/devcfg_v3_5/src -s include  "SHELL=CMD" "COMPILER=arm-none-eabi-gcc" "ARCHIVER=arm-none-eabi-ar" "COMPILER_FLAGS=  -O2 -c" "EXTRA_COMPILER_FLAGS=-mcpu=cortex-a9 -mfpu=vfpv3 -mfloat-abi=hard -nostartfiles -g -Wall -Wextra"
"Running Make include in ps7_cortexa9_0/libsrc/dmaps_v2_3/src"
make -C ps7_cortexa9_0/libsrc/dmaps_v2_3/src -s include  "SHELL=CMD" "COMPILER=arm-none-eabi-gcc" "ARCHIVER=arm-none-eabi-ar" "COMPILER_FLAGS=  -O2 -c" "EXTRA_COMPILER_FLAGS=-mcpu=cortex-a9 -mfpu=vfpv3 -mfloat-abi=hard -nostartfiles -g -Wall -Wextra"
"Running Make include in ps7_cortexa9_0/libsrc/gpio_v4_3/src"
make -C ps7_cortexa9_0/libsrc/gpio_v4_3/src -s include  "SHELL=CMD" "COMPILER=arm-none-eabi-gcc" "ARCHIVER=arm-none-eabi-ar" "COMPILER_FLAGS=  -O2 -c" "EXTRA_COMPILER_FLAGS=-mcpu=cortex-a9 -mfpu=vfpv3 -mfloat-abi=hard -nostartfiles -g -Wall -Wextra"
"Running Make include in ps7_cortexa9_0/libsrc/gpiops_v3_3/src"
make -C ps7_cortexa9_0/libsrc/gpiops_v3_3/src -s include  "SHELL=CMD" "COMPILER=arm-none-eabi-gcc" "ARCHIVER=arm-none-eabi-ar" "COMPILER_FLAGS=  -O2 -c" "EXTRA_COMPILER_FLAGS=-mcpu=cortex-a9 -mfpu=vfpv3 -mfloat-abi=hard -nostartfiles -g -Wall -Wextra"
"Running Make include in ps7_cortexa9_0/libsrc/led_ip_v1_0/src"
make -C ps7_cortexa9_0/libsrc/led_ip_v1_0/src -s include  "SHELL=CMD" "COMPILER=arm-none-eabi-gcc" "ARCHIVER=arm-none-eabi-ar" "COMPILER_FLAGS=  -O2 -c" "EXTRA_COMPILER_FLAGS=-mcpu=cortex-a9 -mfpu=vfpv3 -mfloat-abi=hard -nostartfiles -g -Wall -Wextra"
"Running Make include in ps7_cortexa9_0/libsrc/qspips_v3_4/src"
make -C ps7_cortexa9_0/libsrc/qspips_v3_4/src -s include  "SHELL=CMD" "COMPILER=arm-none-eabi-gcc" "ARCHIVER=arm-none-eabi-ar" "COMPILER_FLAGS=  -O2 -c" "EXTRA_COMPILER_FLAGS=-mcpu=cortex-a9 -mfpu=vfpv3 -mfloat-abi=hard -nostartfiles -g -Wall -Wextra"
"Running Make include in ps7_cortexa9_0/libsrc/scugic_v3_9/src"
make -C ps7_cortexa9_0/libsrc/scugic_v3_9/src -s include  "SHELL=CMD" "COMPILER=arm-none-eabi-gcc" "ARCHIVER=arm-none-eabi-ar" "COMPILER_FLAGS=  -O2 -c" "EXTRA_COMPILER_FLAGS=-mcpu=cortex-a9 -mfpu=vfpv3 -mfloat-abi=hard -nostartfiles -g -Wall -Wextra"
"Running Make include in ps7_cortexa9_0/libsrc/scutimer_v2_1/src"
make -C ps7_cortexa9_0/libsrc/scutimer_v2_1/src -s include  "SHELL=CMD" "COMPILER=arm-none-eabi-gcc" "ARCHIVER=arm-none-eabi-ar" "COMPILER_FLAGS=  -O2 -c" "EXTRA_COMPILER_FLAGS=-mcpu=cortex-a9 -mfpu=vfpv3 -mfloat-abi=hard -nostartfiles -g -Wall -Wextra"
"Running Make include in ps7_cortexa9_0/libsrc/scuwdt_v2_1/src"
make -C ps7_cortexa9_0/libsrc/scuwdt_v2_1/src -s include  "SHELL=CMD" "COMPILER=arm-none-eabi-gcc" "ARCHIVER=arm-none-eabi-ar" "COMPILER_FLAGS=  -O2 -c" "EXTRA_COMPILER_FLAGS=-mcpu=cortex-a9 -mfpu=vfpv3 -mfloat-abi=hard -nostartfiles -g -Wall -Wextra"
"Running Make include in ps7_cortexa9_0/libsrc/standalone_v6_6/src"
make -C ps7_cortexa9_0/libsrc/standalone_v6_6/src -s include  "SHELL=CMD" "COMPILER=arm-none-eabi-gcc" "ARCHIVER=arm-none-eabi-ar" "COMPILER_FLAGS=  -O2 -c" "EXTRA_COMPILER_FLAGS=-mcpu=cortex-a9 -mfpu=vfpv3 -mfloat-abi=hard -nostartfiles -g -Wall -Wextra"
"Running Make include in ps7_cortexa9_0/libsrc/uartps_v3_6/src"
make -C ps7_cortexa9_0/libsrc/uartps_v3_6/src -s include  "SHELL=CMD" "COMPILER=arm-none-eabi-gcc" "ARCHIVER=arm-none-eabi-ar" "COMPILER_FLAGS=  -O2 -c" "EXTRA_COMPILER_FLAGS=-mcpu=cortex-a9 -mfpu=vfpv3 -mfloat-abi=hard -nostartfiles -g -Wall -Wextra"
"Running Make include in ps7_cortexa9_0/libsrc/xadcps_v2_2/src"
make -C ps7_cortexa9_0/libsrc/xadcps_v2_2/src -s include  "SHELL=CMD" "COMPILER=arm-none-eabi-gcc" "ARCHIVER=arm-none-eabi-ar" "COMPILER_FLAGS=  -O2 -c" "EXTRA_COMPILER_FLAGS=-mcpu=cortex-a9 -mfpu=vfpv3 -mfloat-abi=hard -nostartfiles -g -Wall -Wextra"
"Running Make libs in ps7_cortexa9_0/libsrc/coresightps_dcc_v1_4/src"
make -C ps7_cortexa9_0/libsrc/coresightps_dcc_v1_4/src -s libs  "SHELL=CMD" "COMPILER=arm-none-eabi-gcc" "ARCHIVER=arm-none-eabi-ar" "COMPILER_FLAGS=  -O2 -c" "EXTRA_COMPILER_FLAGS=-mcpu=cortex-a9 -mfpu=vfpv3 -mfloat-abi=hard -nostartfiles -g -Wall -Wextra"
"Compiling coresightps_dcc"
arm-none-eabi-ar: creating ../../../lib/libxil.a
"Running Make libs in ps7_cortexa9_0/libsrc/cpu_cortexa9_v2_6/src"
make -C ps7_cortexa9_0/libsrc/cpu_cortexa9_v2_6/src -s libs  "SHELL=CMD" "COMPILER=arm-none-eabi-gcc" "ARCHIVER=arm-none-eabi-ar" "COMPILER_FLAGS=  -O2 -c" "EXTRA_COMPILER_FLAGS=-mcpu=cortex-a9 -mfpu=vfpv3 -mfloat-abi=hard -nostartfiles -g -Wall -Wextra"
"Compiling cpu_cortexa9"
"Running Make libs in ps7_cortexa9_0/libsrc/ddrps_v1_0/src"
make -C ps7_cortexa9_0/libsrc/ddrps_v1_0/src -s libs  "SHELL=CMD" "COMPILER=arm-none-eabi-gcc" "ARCHIVER=arm-none-eabi-ar" "COMPILER_FLAGS=  -O2 -c" "EXTRA_COMPILER_FLAGS=-mcpu=cortex-a9 -mfpu=vfpv3 -mfloat-abi=hard -nostartfiles -g -Wall -Wextra"
"Compiling ddrps"
"Running Make libs in ps7_cortexa9_0/libsrc/devcfg_v3_5/src"
make -C ps7_cortexa9_0/libsrc/devcfg_v3_5/src -s libs  "SHELL=CMD" "COMPILER=arm-none-eabi-gcc" "ARCHIVER=arm-none-eabi-ar" "COMPILER_FLAGS=  -O2 -c" "EXTRA_COMPILER_FLAGS=-mcpu=cortex-a9 -mfpu=vfpv3 -mfloat-abi=hard -nostartfiles -g -Wall -Wextra"
"Compiling devcfg"
"Running Make libs in ps7_cortexa9_0/libsrc/dmaps_v2_3/src"
make -C ps7_cortexa9_0/libsrc/dmaps_v2_3/src -s libs  "SHELL=CMD" "COMPILER=arm-none-eabi-gcc" "ARCHIVER=arm-none-eabi-ar" "COMPILER_FLAGS=  -O2 -c" "EXTRA_COMPILER_FLAGS=-mcpu=cortex-a9 -mfpu=vfpv3 -mfloat-abi=hard -nostartfiles -g -Wall -Wextra"
"Compiling dmaps"
"Running Make libs in ps7_cortexa9_0/libsrc/gpio_v4_3/src"
make -C ps7_cortexa9_0/libsrc/gpio_v4_3/src -s libs  "SHELL=CMD" "COMPILER=arm-none-eabi-gcc" "ARCHIVER=arm-none-eabi-ar" "COMPILER_FLAGS=  -O2 -c" "EXTRA_COMPILER_FLAGS=-mcpu=cortex-a9 -mfpu=vfpv3 -mfloat-abi=hard -nostartfiles -g -Wall -Wextra"
"Compiling gpio"
"Running Make libs in ps7_cortexa9_0/libsrc/gpiops_v3_3/src"
make -C ps7_cortexa9_0/libsrc/gpiops_v3_3/src -s libs  "SHELL=CMD" "COMPILER=arm-none-eabi-gcc" "ARCHIVER=arm-none-eabi-ar" "COMPILER_FLAGS=  -O2 -c" "EXTRA_COMPILER_FLAGS=-mcpu=cortex-a9 -mfpu=vfpv3 -mfloat-abi=hard -nostartfiles -g -Wall -Wextra"
"Compiling gpiops"
"Running Make libs in ps7_cortexa9_0/libsrc/led_ip_v1_0/src"
make -C ps7_cortexa9_0/libsrc/led_ip_v1_0/src -s libs  "SHELL=CMD" "COMPILER=arm-none-eabi-gcc" "ARCHIVER=arm-none-eabi-ar" "COMPILER_FLAGS=  -O2 -c" "EXTRA_COMPILER_FLAGS=-mcpu=cortex-a9 -mfpu=vfpv3 -mfloat-abi=hard -nostartfiles -g -Wall -Wextra"
"Compiling led_ip..."
led_ip_selftest.c: In function 'LED_IP_Reg_SelfTest':
led_ip_selftest.c:52:55: warning: comparison between signed and unsigned integer expressions [-Wsign-compare]
    if ( LED_IP_mReadReg (baseaddr, read_loop_index*4) != (read_loop_index+1)*READ_WRITE_MUL_FACTOR){
                                                       ^~
led_ip_selftest.c:36:6: warning: unused variable 'Index' [-Wunused-variable]
  int Index;
      ^~~~~
"Running Make libs in ps7_cortexa9_0/libsrc/qspips_v3_4/src"
make -C ps7_cortexa9_0/libsrc/qspips_v3_4/src -s libs  "SHELL=CMD" "COMPILER=arm-none-eabi-gcc" "ARCHIVER=arm-none-eabi-ar" "COMPILER_FLAGS=  -O2 -c" "EXTRA_COMPILER_FLAGS=-mcpu=cortex-a9 -mfpu=vfpv3 -mfloat-abi=hard -nostartfiles -g -Wall -Wextra"
"Compiling qspips"
"Running Make libs in ps7_cortexa9_0/libsrc/scugic_v3_9/src"
make -C ps7_cortexa9_0/libsrc/scugic_v3_9/src -s libs  "SHELL=CMD" "COMPILER=arm-none-eabi-gcc" "ARCHIVER=arm-none-eabi-ar" "COMPILER_FLAGS=  -O2 -c" "EXTRA_COMPILER_FLAGS=-mcpu=cortex-a9 -mfpu=vfpv3 -mfloat-abi=hard -nostartfiles -g -Wall -Wextra"
"Compiling scugic"
"Running Make libs in ps7_cortexa9_0/libsrc/scutimer_v2_1/src"
make -C ps7_cortexa9_0/libsrc/scutimer_v2_1/src -s libs  "SHELL=CMD" "COMPILER=arm-none-eabi-gcc" "ARCHIVER=arm-none-eabi-ar" "COMPILER_FLAGS=  -O2 -c" "EXTRA_COMPILER_FLAGS=-mcpu=cortex-a9 -mfpu=vfpv3 -mfloat-abi=hard -nostartfiles -g -Wall -Wextra"
"Compiling scutimer"
"Running Make libs in ps7_cortexa9_0/libsrc/scuwdt_v2_1/src"
make -C ps7_cortexa9_0/libsrc/scuwdt_v2_1/src -s libs  "SHELL=CMD" "COMPILER=arm-none-eabi-gcc" "ARCHIVER=arm-none-eabi-ar" "COMPILER_FLAGS=  -O2 -c" "EXTRA_COMPILER_FLAGS=-mcpu=cortex-a9 -mfpu=vfpv3 -mfloat-abi=hard -nostartfiles -g -Wall -Wextra"
"Compiling scuwdt"
"Running Make libs in ps7_cortexa9_0/libsrc/standalone_v6_6/src"
make -C ps7_cortexa9_0/libsrc/standalone_v6_6/src -s libs  "SHELL=CMD" "COMPILER=arm-none-eabi-gcc" "ARCHIVER=arm-none-eabi-ar" "COMPILER_FLAGS=  -O2 -c" "EXTRA_COMPILER_FLAGS=-mcpu=cortex-a9 -mfpu=vfpv3 -mfloat-abi=hard -nostartfiles -g -Wall -Wextra"
"Compiling standalone"
In file included from sleep.c:57:0:
xtime_l.h:89:9: note: #pragma message: For the sleep routines, Global timer is being used
 #pragma message ("For the sleep routines, Global timer is being used")
         ^~~~~~~
In file included from usleep.c:60:0:
xtime_l.h:89:9: note: #pragma message: For the sleep routines, Global timer is being used
 #pragma message ("For the sleep routines, Global timer is being used")
         ^~~~~~~
In file included from xil_sleeptimer.c:54:0:
xtime_l.h:89:9: note: #pragma message: For the sleep routines, Global timer is being used
 #pragma message ("For the sleep routines, Global timer is being used")
         ^~~~~~~
In file included from xtime_l.c:53:0:
xtime_l.h:89:9: note: #pragma message: For the sleep routines, Global timer is being used
 #pragma message ("For the sleep routines, Global timer is being used")
         ^~~~~~~
"Running Make libs in ps7_cortexa9_0/libsrc/uartps_v3_6/src"
make -C ps7_cortexa9_0/libsrc/uartps_v3_6/src -s libs  "SHELL=CMD" "COMPILER=arm-none-eabi-gcc" "ARCHIVER=arm-none-eabi-ar" "COMPILER_FLAGS=  -O2 -c" "EXTRA_COMPILER_FLAGS=-mcpu=cortex-a9 -mfpu=vfpv3 -mfloat-abi=hard -nostartfiles -g -Wall -Wextra"
"Compiling uartps"
"Running Make libs in ps7_cortexa9_0/libsrc/xadcps_v2_2/src"
make -C ps7_cortexa9_0/libsrc/xadcps_v2_2/src -s libs  "SHELL=CMD" "COMPILER=arm-none-eabi-gcc" "ARCHIVER=arm-none-eabi-ar" "COMPILER_FLAGS=  -O2 -c" "EXTRA_COMPILER_FLAGS=-mcpu=cortex-a9 -mfpu=vfpv3 -mfloat-abi=hard -nostartfiles -g -Wall -Wextra"
"Compiling xadcps"
'Finished building libraries'
20:07:55 **** Build of configuration Debug for project system ****
make pre-build main-build 
a9-linaro-pre-build-step
' '
'Building file: ../src/system.c'
'Invoking: ARM v7 gcc compiler'
arm-none-eabi-gcc -Wall -O0 -g3 -c -fmessage-length=0 -MT"src/system.o" -mcpu=cortex-a9 -mfpu=vfpv3 -mfloat-abi=hard -I../../system_bsp/ps7_cortexa9_0/include -MMD -MP -MF"src/system.d" -MT"src/system.o" -o "src/system.o" "../src/system.c"
'Finished building: ../src/system.c'
' '
'Building target: system.elf'
'Invoking: ARM v7 gcc linker'
arm-none-eabi-gcc -mcpu=cortex-a9 -mfpu=vfpv3 -mfloat-abi=hard -Wl,-build-id=none -specs=Xilinx.spec -Wl,-T -Wl,../src/lscript.ld -L../../system_bsp/ps7_cortexa9_0/lib -o "system.elf"  ./src/system.o   -Wl,--start-group,-lxil,-lgcc,-lc,--end-group
../../system_bsp/ps7_cortexa9_0/lib\libxil.a(xil-crt0.o): In function `_start':
C:\Xilinx\MyS_workspace\LedController\Sintesis\LedController\LedController.sdk\system_bsp\ps7_cortexa9_0\libsrc\standalone_v6_6\src/xil-crt0.S:142: undefined reference to `main'
collect2.exe: error: ld returned 1 exit status
make: *** [system.elf] Error 1
20:07:58 **** Auto Build of configuration Debug for project system ****
make pre-build main-build 
a9-linaro-pre-build-step
' '
'Building target: system.elf'
'Invoking: ARM v7 gcc linker'
arm-none-eabi-gcc -mcpu=cortex-a9 -mfpu=vfpv3 -mfloat-abi=hard -Wl,-build-id=none -specs=Xilinx.spec -Wl,-T -Wl,../src/lscript.ld -L../../system_bsp/ps7_cortexa9_0/lib -o "system.elf"  ./src/system.o   -Wl,--start-group,-lxil,-lgcc,-lc,--end-group
../../system_bsp/ps7_cortexa9_0/lib\libxil.a(xil-crt0.o): In function `_start':
C:\Xilinx\MyS_workspace\LedController\Sintesis\LedController\LedController.sdk\system_bsp\ps7_cortexa9_0\libsrc\standalone_v6_6\src/xil-crt0.S:142: undefined reference to `main'
collect2.exe: error: ld returned 1 exit status
make: *** [system.elf] Error 1
20:08:03 **** Auto Build of configuration Debug for project system ****
make pre-build main-build 
a9-linaro-pre-build-step
' '
'Building file: ../src/system.c'
'Invoking: ARM v7 gcc compiler'
arm-none-eabi-gcc -Wall -O0 -g3 -c -fmessage-length=0 -MT"src/system.o" -mcpu=cortex-a9 -mfpu=vfpv3 -mfloat-abi=hard -I../../system_bsp/ps7_cortexa9_0/include -MMD -MP -MF"src/system.d" -MT"src/system.o" -o "src/system.o" "../src/system.c"
'Finished building: ../src/system.c'
' '
'Building target: system.elf'
'Invoking: ARM v7 gcc linker'
arm-none-eabi-gcc -mcpu=cortex-a9 -mfpu=vfpv3 -mfloat-abi=hard -Wl,-build-id=none -specs=Xilinx.spec -Wl,-T -Wl,../src/lscript.ld -L../../system_bsp/ps7_cortexa9_0/lib -o "system.elf"  ./src/system.o   -Wl,--start-group,-lxil,-lgcc,-lc,--end-group
'Finished building target: system.elf'
' '
'Invoking: ARM v7 Print Size'
arm-none-eabi-size system.elf  |tee "system.elf.size"
   text	   data	    bss	    dec	    hex	filename
  23456	   1184	  22584	  47224	   b878	system.elf
'Finished building: system.elf.size'
' '
20:08:34 **** Incremental Build of configuration Debug for project system ****
make pre-build main-build 
a9-linaro-pre-build-step
' '
make: No se hace nada para `main-build'.
20:17:26 **** Incremental Build of configuration Debug for project system ****
make pre-build main-build 
a9-linaro-pre-build-step
' '
make: No se hace nada para `main-build'.
20:22:21 **** Auto Build of configuration Debug for project system ****
make pre-build main-build 
a9-linaro-pre-build-step
' '
'Building file: ../src/system.c'
'Invoking: ARM v7 gcc compiler'
arm-none-eabi-gcc -Wall -O0 -g3 -c -fmessage-length=0 -MT"src/system.o" -mcpu=cortex-a9 -mfpu=vfpv3 -mfloat-abi=hard -I../../system_bsp/ps7_cortexa9_0/include -MMD -MP -MF"src/system.d" -MT"src/system.o" -o "src/system.o" "../src/system.c"
../src/system.c: In function 'main':
../src/system.c:32:4: warning: implicit declaration of function 'sleep'; did you mean 'strsep'? [-Wimplicit-function-declaration]
    sleep(5);
    ^~~~~
    strsep
../src/system.c:10:8: warning: unused variable 'i' [-Wunused-variable]
    int i, psb_check, dip_check;
        ^
'Finished building: ../src/system.c'
' '
'Building target: system.elf'
'Invoking: ARM v7 gcc linker'
arm-none-eabi-gcc -mcpu=cortex-a9 -mfpu=vfpv3 -mfloat-abi=hard -Wl,-build-id=none -specs=Xilinx.spec -Wl,-T -Wl,../src/lscript.ld -L../../system_bsp/ps7_cortexa9_0/lib -o "system.elf"  ./src/system.o   -Wl,--start-group,-lxil,-lgcc,-lc,--end-group
'Finished building target: system.elf'
' '
'Invoking: ARM v7 Print Size'
arm-none-eabi-size system.elf  |tee "system.elf.size"
   text	   data	    bss	    dec	    hex	filename
  23584	   1184	  22584	  47352	   b8f8	system.elf
'Finished building: system.elf.size'
' '
20:22:35 **** Incremental Build of configuration Debug for project system ****
make pre-build main-build 
a9-linaro-pre-build-step
' '
make: No se hace nada para `main-build'.
20:24:23 **** Auto Build of configuration Debug for project system ****
make pre-build main-build 
a9-linaro-pre-build-step
' '
'Building file: ../src/system.c'
'Invoking: ARM v7 gcc compiler'
arm-none-eabi-gcc -Wall -O0 -g3 -c -fmessage-length=0 -MT"src/system.o" -mcpu=cortex-a9 -mfpu=vfpv3 -mfloat-abi=hard -I../../system_bsp/ps7_cortexa9_0/include -MMD -MP -MF"src/system.d" -MT"src/system.o" -o "src/system.o" "../src/system.c"
../src/system.c: In function 'main':
../src/system.c:33:4: warning: implicit declaration of function 'sleep'; did you mean 'strsep'? [-Wimplicit-function-declaration]
    sleep(5);
    ^~~~~
    strsep
../src/system.c:10:8: warning: unused variable 'i' [-Wunused-variable]
    int i, psb_check, dip_check;
        ^
'Finished building: ../src/system.c'
' '
'Building target: system.elf'
'Invoking: ARM v7 gcc linker'
arm-none-eabi-gcc -mcpu=cortex-a9 -mfpu=vfpv3 -mfloat-abi=hard -Wl,-build-id=none -specs=Xilinx.spec -Wl,-T -Wl,../src/lscript.ld -L../../system_bsp/ps7_cortexa9_0/lib -o "system.elf"  ./src/system.o   -Wl,--start-group,-lxil,-lgcc,-lc,--end-group
'Finished building target: system.elf'
' '
'Invoking: ARM v7 Print Size'
arm-none-eabi-size system.elf  |tee "system.elf.size"
   text	   data	    bss	    dec	    hex	filename
  23600	   1184	  22584	  47368	   b908	system.elf
'Finished building: system.elf.size'
' '
20:24:42 **** Incremental Build of configuration Debug for project system ****
make pre-build main-build 
a9-linaro-pre-build-step
' '
make: No se hace nada para `main-build'.
20:25:05 **** Auto Build of configuration Debug for project system ****
make pre-build main-build 
a9-linaro-pre-build-step
' '
'Building file: ../src/system.c'
'Invoking: ARM v7 gcc compiler'
arm-none-eabi-gcc -Wall -O0 -g3 -c -fmessage-length=0 -MT"src/system.o" -mcpu=cortex-a9 -mfpu=vfpv3 -mfloat-abi=hard -I../../system_bsp/ps7_cortexa9_0/include -MMD -MP -MF"src/system.d" -MT"src/system.o" -o "src/system.o" "../src/system.c"
../src/system.c: In function 'main':
../src/system.c:33:4: warning: implicit declaration of function 'sleep'; did you mean 'strsep'? [-Wimplicit-function-declaration]
    sleep(5);
    ^~~~~
    strsep
../src/system.c:10:8: warning: unused variable 'i' [-Wunused-variable]
    int i, psb_check, dip_check;
        ^
'Finished building: ../src/system.c'
' '
'Building target: system.elf'
'Invoking: ARM v7 gcc linker'
arm-none-eabi-gcc -mcpu=cortex-a9 -mfpu=vfpv3 -mfloat-abi=hard -Wl,-build-id=none -specs=Xilinx.spec -Wl,-T -Wl,../src/lscript.ld -L../../system_bsp/ps7_cortexa9_0/lib -o "system.elf"  ./src/system.o   -Wl,--start-group,-lxil,-lgcc,-lc,--end-group
'Finished building target: system.elf'
' '
'Invoking: ARM v7 Print Size'
arm-none-eabi-size system.elf  |tee "system.elf.size"
   text	   data	    bss	    dec	    hex	filename
  23600	   1184	  22584	  47368	   b908	system.elf
'Finished building: system.elf.size'
' '
20:25:14 **** Incremental Build of configuration Debug for project system ****
make pre-build main-build 
a9-linaro-pre-build-step
' '
make: No se hace nada para `main-build'.
20:26:46 **** Auto Build of configuration Debug for project system ****
make pre-build main-build 
a9-linaro-pre-build-step
' '
'Building file: ../src/system.c'
'Invoking: ARM v7 gcc compiler'
arm-none-eabi-gcc -Wall -O0 -g3 -c -fmessage-length=0 -MT"src/system.o" -mcpu=cortex-a9 -mfpu=vfpv3 -mfloat-abi=hard -I../../system_bsp/ps7_cortexa9_0/include -MMD -MP -MF"src/system.d" -MT"src/system.o" -o "src/system.o" "../src/system.c"
../src/system.c: In function 'main':
../src/system.c:33:4: warning: implicit declaration of function 'sleep'; did you mean 'strsep'? [-Wimplicit-function-declaration]
    sleep(5);
    ^~~~~
    strsep
../src/system.c:10:8: warning: unused variable 'i' [-Wunused-variable]
    int i, psb_check, dip_check;
        ^
'Finished building: ../src/system.c'
' '
'Building target: system.elf'
'Invoking: ARM v7 gcc linker'
arm-none-eabi-gcc -mcpu=cortex-a9 -mfpu=vfpv3 -mfloat-abi=hard -Wl,-build-id=none -specs=Xilinx.spec -Wl,-T -Wl,../src/lscript.ld -L../../system_bsp/ps7_cortexa9_0/lib -o "system.elf"  ./src/system.o   -Wl,--start-group,-lxil,-lgcc,-lc,--end-group
'Finished building target: system.elf'
' '
'Invoking: ARM v7 Print Size'
arm-none-eabi-size system.elf  |tee "system.elf.size"
   text	   data	    bss	    dec	    hex	filename
  23664	   1184	  22584	  47432	   b948	system.elf
'Finished building: system.elf.size'
' '
20:27:01 **** Auto Build of configuration Debug for project system ****
make pre-build main-build 
a9-linaro-pre-build-step
' '
'Building file: ../src/system.c'
'Invoking: ARM v7 gcc compiler'
arm-none-eabi-gcc -Wall -O0 -g3 -c -fmessage-length=0 -MT"src/system.o" -mcpu=cortex-a9 -mfpu=vfpv3 -mfloat-abi=hard -I../../system_bsp/ps7_cortexa9_0/include -MMD -MP -MF"src/system.d" -MT"src/system.o" -o "src/system.o" "../src/system.c"
../src/system.c: In function 'main':
../src/system.c:33:4: warning: implicit declaration of function 'sleep'; did you mean 'strsep'? [-Wimplicit-function-declaration]
    sleep(5);
    ^~~~~
    strsep
../src/system.c:10:8: warning: unused variable 'i' [-Wunused-variable]
    int i, psb_check, dip_check;
        ^
'Finished building: ../src/system.c'
' '
'Building target: system.elf'
'Invoking: ARM v7 gcc linker'
arm-none-eabi-gcc -mcpu=cortex-a9 -mfpu=vfpv3 -mfloat-abi=hard -Wl,-build-id=none -specs=Xilinx.spec -Wl,-T -Wl,../src/lscript.ld -L../../system_bsp/ps7_cortexa9_0/lib -o "system.elf"  ./src/system.o   -Wl,--start-group,-lxil,-lgcc,-lc,--end-group
'Finished building target: system.elf'
' '
'Invoking: ARM v7 Print Size'
arm-none-eabi-size system.elf  |tee "system.elf.size"
   text	   data	    bss	    dec	    hex	filename
  23664	   1184	  22584	  47432	   b948	system.elf
'Finished building: system.elf.size'
' '
20:27:11 **** Incremental Build of configuration Debug for project system ****
make pre-build main-build 
a9-linaro-pre-build-step
' '
make: No se hace nada para `main-build'.
20:29:33 **** Incremental Build of configuration Debug for project system ****
make pre-build main-build 
a9-linaro-pre-build-step
' '
make: No se hace nada para `main-build'.
20:37:44 **** Auto Build of configuration Debug for project system ****
make pre-build main-build 
a9-linaro-pre-build-step
' '
'Building file: ../src/system.c'
'Invoking: ARM v7 gcc compiler'
arm-none-eabi-gcc -Wall -O0 -g3 -c -fmessage-length=0 -MT"src/system.o" -mcpu=cortex-a9 -mfpu=vfpv3 -mfloat-abi=hard -I../../system_bsp/ps7_cortexa9_0/include -MMD -MP -MF"src/system.d" -MT"src/system.o" -o "src/system.o" "../src/system.c"
../src/system.c: In function 'main':
../src/system.c:32:12: error: lvalue required as left operand of assignment
    ++count &= 0x000F;
            ^~
../src/system.c:33:4: warning: implicit declaration of function 'sleep'; did you mean 'strsep'? [-Wimplicit-function-declaration]
    sleep(5);
    ^~~~~
    strsep
../src/system.c:10:8: warning: unused variable 'i' [-Wunused-variable]
    int i, psb_check, dip_check;
        ^
make: *** [src/system.o] Error 1
20:37:59 **** Incremental Build of configuration Debug for project system ****
make pre-build main-build 
a9-linaro-pre-build-step
' '
'Building file: ../src/system.c'
'Invoking: ARM v7 gcc compiler'
arm-none-eabi-gcc -Wall -O0 -g3 -c -fmessage-length=0 -MT"src/system.o" -mcpu=cortex-a9 -mfpu=vfpv3 -mfloat-abi=hard -I../../system_bsp/ps7_cortexa9_0/include -MMD -MP -MF"src/system.d" -MT"src/system.o" -o "src/system.o" "../src/system.c"
../src/system.c: In function 'main':
../src/system.c:32:12: error: lvalue required as left operand of assignment
    ++count &= 0x000F;
            ^~
../src/system.c:33:4: warning: implicit declaration of function 'sleep'; did you mean 'strsep'? [-Wimplicit-function-declaration]
    sleep(5);
    ^~~~~
    strsep
../src/system.c:10:8: warning: unused variable 'i' [-Wunused-variable]
    int i, psb_check, dip_check;
        ^
make: *** [src/system.o] Error 1
20:40:56 **** Auto Build of configuration Debug for project system ****
make pre-build main-build 
a9-linaro-pre-build-step
' '
'Building file: ../src/system.c'
'Invoking: ARM v7 gcc compiler'
arm-none-eabi-gcc -Wall -O0 -g3 -c -fmessage-length=0 -MT"src/system.o" -mcpu=cortex-a9 -mfpu=vfpv3 -mfloat-abi=hard -I../../system_bsp/ps7_cortexa9_0/include -MMD -MP -MF"src/system.d" -MT"src/system.o" -o "src/system.o" "../src/system.c"
../src/system.c: In function 'main':
../src/system.c:32:14: error: lvalue required as left operand of assignment
    (++count) &= 0x000F;
              ^~
../src/system.c:33:4: warning: implicit declaration of function 'sleep'; did you mean 'strsep'? [-Wimplicit-function-declaration]
    sleep(2);
    ^~~~~
    strsep
../src/system.c:10:8: warning: unused variable 'i' [-Wunused-variable]
    int i, psb_check, dip_check;
        ^
make: *** [src/system.o] Error 1
20:41:23 **** Auto Build of configuration Debug for project system ****
make pre-build main-build 
a9-linaro-pre-build-step
' '
'Building file: ../src/system.c'
'Invoking: ARM v7 gcc compiler'
arm-none-eabi-gcc -Wall -O0 -g3 -c -fmessage-length=0 -MT"src/system.o" -mcpu=cortex-a9 -mfpu=vfpv3 -mfloat-abi=hard -I../../system_bsp/ps7_cortexa9_0/include -MMD -MP -MF"src/system.d" -MT"src/system.o" -o "src/system.o" "../src/system.c"
../src/system.c: In function 'main':
../src/system.c:33:4: warning: implicit declaration of function 'sleep'; did you mean 'strsep'? [-Wimplicit-function-declaration]
    sleep(2);
    ^~~~~
    strsep
../src/system.c:10:8: warning: unused variable 'i' [-Wunused-variable]
    int i, psb_check, dip_check;
        ^
'Finished building: ../src/system.c'
' '
'Building target: system.elf'
'Invoking: ARM v7 gcc linker'
arm-none-eabi-gcc -mcpu=cortex-a9 -mfpu=vfpv3 -mfloat-abi=hard -Wl,-build-id=none -specs=Xilinx.spec -Wl,-T -Wl,../src/lscript.ld -L../../system_bsp/ps7_cortexa9_0/lib -o "system.elf"  ./src/system.o   -Wl,--start-group,-lxil,-lgcc,-lc,--end-group
'Finished building target: system.elf'
' '
'Invoking: ARM v7 Print Size'
arm-none-eabi-size system.elf  |tee "system.elf.size"
   text	   data	    bss	    dec	    hex	filename
  23664	   1184	  22584	  47432	   b948	system.elf
'Finished building: system.elf.size'
' '
20:42:00 **** Incremental Build of configuration Debug for project system ****
make pre-build main-build 
a9-linaro-pre-build-step
' '
make: No se hace nada para `main-build'.
