18:03:45 **** Auto Build of configuration Debug for project transceiver ****
make pre-build main-build 
a9-linaro-pre-build-step
' '
'Building file: ../src/transceiver.c'
'Invoking: ARM v7 gcc compiler'
arm-none-eabi-gcc -Wall -O0 -g3 -c -fmessage-length=0 -MT"src/transceiver.o" -mcpu=cortex-a9 -mfpu=vfpv3 -mfloat-abi=hard -I../../transceiver_bsp/ps7_cortexa9_0/include -MMD -MP -MF"src/transceiver.d" -MT"src/transceiver.o" -o "src/transceiver.o" "../src/transceiver.c"
'Finished building: ../src/transceiver.c'
' '
'Building target: transceiver.elf'
'Invoking: ARM v7 gcc linker'
arm-none-eabi-gcc -mcpu=cortex-a9 -mfpu=vfpv3 -mfloat-abi=hard -Wl,-build-id=none -specs=Xilinx.spec -Wl,-T -Wl,../src/lscript.ld -L../../transceiver_bsp/ps7_cortexa9_0/lib -o "transceiver.elf"  ./src/transceiver.o   -Wl,--start-group,-lxil,-lgcc,-lc,--end-group
'Finished building target: transceiver.elf'
' '
'Invoking: ARM v7 Print Size'
arm-none-eabi-size transceiver.elf  |tee "transceiver.elf.size"
   text	   data	    bss	    dec	    hex	filename
  23620	   1168	  22584	  47372	   b90c	transceiver.elf
'Finished building: transceiver.elf.size'
' '

18:03:48 Build Finished (took 2s.863ms)

