18:33:47 **** Build of project sum_bsp ****
make -k all 
"Running Make include in ps7_cortexa9_0/libsrc/coresightps_dcc_v1_4/src"
make -C ps7_cortexa9_0/libsrc/coresightps_dcc_v1_4/src -s include  "SHELL=CMD" "COMPILER=arm-none-eabi-gcc" "ARCHIVER=arm-none-eabi-ar" "COMPILER_FLAGS=  -O2 -c" "EXTRA_COMPILER_FLAGS=-mcpu=cortex-a9 -mfpu=vfpv3 -mfloat-abi=hard -nostartfiles -g -Wall -Wextra"
"Running Make include in ps7_cortexa9_0/libsrc/cpu_cortexa9_v2_6/src"
make -C ps7_cortexa9_0/libsrc/cpu_cortexa9_v2_6/src -s include  "SHELL=CMD" "COMPILER=arm-none-eabi-gcc" "ARCHIVER=arm-none-eabi-ar" "COMPILER_FLAGS=  -O2 -c" "EXTRA_COMPILER_FLAGS=-mcpu=cortex-a9 -mfpu=vfpv3 -mfloat-abi=hard -nostartfiles -g -Wall -Wextra"
"Running Make include in ps7_cortexa9_0/libsrc/ddrps_v1_0/src"
make -C ps7_cortexa9_0/libsrc/ddrps_v1_0/src -s include  "SHELL=CMD" "COMPILER=arm-none-eabi-gcc" "ARCHIVER=arm-none-eabi-ar" "COMPILER_FLAGS=  -O2 -c" "EXTRA_COMPILER_FLAGS=-mcpu=cortex-a9 -mfpu=vfpv3 -mfloat-abi=hard -nostartfiles -g -Wall -Wextra"
"Running Make include in ps7_cortexa9_0/libsrc/devcfg_v3_5/src"
make -C ps7_cortexa9_0/libsrc/devcfg_v3_5/src -s include  "SHELL=CMD" "COMPILER=arm-none-eabi-gcc" "ARCHIVER=arm-none-eabi-ar" "COMPILER_FLAGS=  -O2 -c" "EXTRA_COMPILER_FLAGS=-mcpu=cortex-a9 -mfpu=vfpv3 -mfloat-abi=hard -nostartfiles -g -Wall -Wextra"
"Running Make include in ps7_cortexa9_0/libsrc/dmaps_v2_3/src"
make -C ps7_cortexa9_0/libsrc/dmaps_v2_3/src -s include  "SHELL=CMD" "COMPILER=arm-none-eabi-gcc" "ARCHIVER=arm-none-eabi-ar" "COMPILER_FLAGS=  -O2 -c" "EXTRA_COMPILER_FLAGS=-mcpu=cortex-a9 -mfpu=vfpv3 -mfloat-abi=hard -nostartfiles -g -Wall -Wextra"
"Running Make include in ps7_cortexa9_0/libsrc/gpiops_v3_3/src"
make -C ps7_cortexa9_0/libsrc/gpiops_v3_3/src -s include  "SHELL=CMD" "COMPILER=arm-none-eabi-gcc" "ARCHIVER=arm-none-eabi-ar" "COMPILER_FLAGS=  -O2 -c" "EXTRA_COMPILER_FLAGS=-mcpu=cortex-a9 -mfpu=vfpv3 -mfloat-abi=hard -nostartfiles -g -Wall -Wextra"
"Running Make include in ps7_cortexa9_0/libsrc/qspips_v3_4/src"
make -C ps7_cortexa9_0/libsrc/qspips_v3_4/src -s include  "SHELL=CMD" "COMPILER=arm-none-eabi-gcc" "ARCHIVER=arm-none-eabi-ar" "COMPILER_FLAGS=  -O2 -c" "EXTRA_COMPILER_FLAGS=-mcpu=cortex-a9 -mfpu=vfpv3 -mfloat-abi=hard -nostartfiles -g -Wall -Wextra"
"Running Make include in ps7_cortexa9_0/libsrc/scugic_v3_9/src"
make -C ps7_cortexa9_0/libsrc/scugic_v3_9/src -s include  "SHELL=CMD" "COMPILER=arm-none-eabi-gcc" "ARCHIVER=arm-none-eabi-ar" "COMPILER_FLAGS=  -O2 -c" "EXTRA_COMPILER_FLAGS=-mcpu=cortex-a9 -mfpu=vfpv3 -mfloat-abi=hard -nostartfiles -g -Wall -Wextra"
"Running Make include in ps7_cortexa9_0/libsrc/scutimer_v2_1/src"
make -C ps7_cortexa9_0/libsrc/scutimer_v2_1/src -s include  "SHELL=CMD" "COMPILER=arm-none-eabi-gcc" "ARCHIVER=arm-none-eabi-ar" "COMPILER_FLAGS=  -O2 -c" "EXTRA_COMPILER_FLAGS=-mcpu=cortex-a9 -mfpu=vfpv3 -mfloat-abi=hard -nostartfiles -g -Wall -Wextra"
"Running Make include in ps7_cortexa9_0/libsrc/scuwdt_v2_1/src"
make -C ps7_cortexa9_0/libsrc/scuwdt_v2_1/src -s include  "SHELL=CMD" "COMPILER=arm-none-eabi-gcc" "ARCHIVER=arm-none-eabi-ar" "COMPILER_FLAGS=  -O2 -c" "EXTRA_COMPILER_FLAGS=-mcpu=cortex-a9 -mfpu=vfpv3 -mfloat-abi=hard -nostartfiles -g -Wall -Wextra"
"Running Make include in ps7_cortexa9_0/libsrc/standalone_v6_6/src"
make -C ps7_cortexa9_0/libsrc/standalone_v6_6/src -s include  "SHELL=CMD" "COMPILER=arm-none-eabi-gcc" "ARCHIVER=arm-none-eabi-ar" "COMPILER_FLAGS=  -O2 -c" "EXTRA_COMPILER_FLAGS=-mcpu=cortex-a9 -mfpu=vfpv3 -mfloat-abi=hard -nostartfiles -g -Wall -Wextra"
"Running Make include in ps7_cortexa9_0/libsrc/sum_ip_v1_0/src"
make -C ps7_cortexa9_0/libsrc/sum_ip_v1_0/src -s include  "SHELL=CMD" "COMPILER=arm-none-eabi-gcc" "ARCHIVER=arm-none-eabi-ar" "COMPILER_FLAGS=  -O2 -c" "EXTRA_COMPILER_FLAGS=-mcpu=cortex-a9 -mfpu=vfpv3 -mfloat-abi=hard -nostartfiles -g -Wall -Wextra"
"Running Make include in ps7_cortexa9_0/libsrc/uartps_v3_6/src"
make -C ps7_cortexa9_0/libsrc/uartps_v3_6/src -s include  "SHELL=CMD" "COMPILER=arm-none-eabi-gcc" "ARCHIVER=arm-none-eabi-ar" "COMPILER_FLAGS=  -O2 -c" "EXTRA_COMPILER_FLAGS=-mcpu=cortex-a9 -mfpu=vfpv3 -mfloat-abi=hard -nostartfiles -g -Wall -Wextra"
"Running Make include in ps7_cortexa9_0/libsrc/xadcps_v2_2/src"
make -C ps7_cortexa9_0/libsrc/xadcps_v2_2/src -s include  "SHELL=CMD" "COMPILER=arm-none-eabi-gcc" "ARCHIVER=arm-none-eabi-ar" "COMPILER_FLAGS=  -O2 -c" "EXTRA_COMPILER_FLAGS=-mcpu=cortex-a9 -mfpu=vfpv3 -mfloat-abi=hard -nostartfiles -g -Wall -Wextra"
"Running Make libs in ps7_cortexa9_0/libsrc/coresightps_dcc_v1_4/src"
make -C ps7_cortexa9_0/libsrc/coresightps_dcc_v1_4/src -s libs  "SHELL=CMD" "COMPILER=arm-none-eabi-gcc" "ARCHIVER=arm-none-eabi-ar" "COMPILER_FLAGS=  -O2 -c" "EXTRA_COMPILER_FLAGS=-mcpu=cortex-a9 -mfpu=vfpv3 -mfloat-abi=hard -nostartfiles -g -Wall -Wextra"
"Compiling coresightps_dcc"
arm-none-eabi-ar: creating ../../../lib/libxil.a
"Running Make libs in ps7_cortexa9_0/libsrc/cpu_cortexa9_v2_6/src"
make -C ps7_cortexa9_0/libsrc/cpu_cortexa9_v2_6/src -s libs  "SHELL=CMD" "COMPILER=arm-none-eabi-gcc" "ARCHIVER=arm-none-eabi-ar" "COMPILER_FLAGS=  -O2 -c" "EXTRA_COMPILER_FLAGS=-mcpu=cortex-a9 -mfpu=vfpv3 -mfloat-abi=hard -nostartfiles -g -Wall -Wextra"
"Compiling cpu_cortexa9"
"Running Make libs in ps7_cortexa9_0/libsrc/ddrps_v1_0/src"
make -C ps7_cortexa9_0/libsrc/ddrps_v1_0/src -s libs  "SHELL=CMD" "COMPILER=arm-none-eabi-gcc" "ARCHIVER=arm-none-eabi-ar" "COMPILER_FLAGS=  -O2 -c" "EXTRA_COMPILER_FLAGS=-mcpu=cortex-a9 -mfpu=vfpv3 -mfloat-abi=hard -nostartfiles -g -Wall -Wextra"
"Compiling ddrps"
"Running Make libs in ps7_cortexa9_0/libsrc/devcfg_v3_5/src"
make -C ps7_cortexa9_0/libsrc/devcfg_v3_5/src -s libs  "SHELL=CMD" "COMPILER=arm-none-eabi-gcc" "ARCHIVER=arm-none-eabi-ar" "COMPILER_FLAGS=  -O2 -c" "EXTRA_COMPILER_FLAGS=-mcpu=cortex-a9 -mfpu=vfpv3 -mfloat-abi=hard -nostartfiles -g -Wall -Wextra"
"Compiling devcfg"
"Running Make libs in ps7_cortexa9_0/libsrc/dmaps_v2_3/src"
make -C ps7_cortexa9_0/libsrc/dmaps_v2_3/src -s libs  "SHELL=CMD" "COMPILER=arm-none-eabi-gcc" "ARCHIVER=arm-none-eabi-ar" "COMPILER_FLAGS=  -O2 -c" "EXTRA_COMPILER_FLAGS=-mcpu=cortex-a9 -mfpu=vfpv3 -mfloat-abi=hard -nostartfiles -g -Wall -Wextra"
"Compiling dmaps"
"Running Make libs in ps7_cortexa9_0/libsrc/gpiops_v3_3/src"
make -C ps7_cortexa9_0/libsrc/gpiops_v3_3/src -s libs  "SHELL=CMD" "COMPILER=arm-none-eabi-gcc" "ARCHIVER=arm-none-eabi-ar" "COMPILER_FLAGS=  -O2 -c" "EXTRA_COMPILER_FLAGS=-mcpu=cortex-a9 -mfpu=vfpv3 -mfloat-abi=hard -nostartfiles -g -Wall -Wextra"
"Compiling gpiops"
"Running Make libs in ps7_cortexa9_0/libsrc/qspips_v3_4/src"
make -C ps7_cortexa9_0/libsrc/qspips_v3_4/src -s libs  "SHELL=CMD" "COMPILER=arm-none-eabi-gcc" "ARCHIVER=arm-none-eabi-ar" "COMPILER_FLAGS=  -O2 -c" "EXTRA_COMPILER_FLAGS=-mcpu=cortex-a9 -mfpu=vfpv3 -mfloat-abi=hard -nostartfiles -g -Wall -Wextra"
"Compiling qspips"
"Running Make libs in ps7_cortexa9_0/libsrc/scugic_v3_9/src"
make -C ps7_cortexa9_0/libsrc/scugic_v3_9/src -s libs  "SHELL=CMD" "COMPILER=arm-none-eabi-gcc" "ARCHIVER=arm-none-eabi-ar" "COMPILER_FLAGS=  -O2 -c" "EXTRA_COMPILER_FLAGS=-mcpu=cortex-a9 -mfpu=vfpv3 -mfloat-abi=hard -nostartfiles -g -Wall -Wextra"
"Compiling scugic"
"Running Make libs in ps7_cortexa9_0/libsrc/scutimer_v2_1/src"
make -C ps7_cortexa9_0/libsrc/scutimer_v2_1/src -s libs  "SHELL=CMD" "COMPILER=arm-none-eabi-gcc" "ARCHIVER=arm-none-eabi-ar" "COMPILER_FLAGS=  -O2 -c" "EXTRA_COMPILER_FLAGS=-mcpu=cortex-a9 -mfpu=vfpv3 -mfloat-abi=hard -nostartfiles -g -Wall -Wextra"
"Compiling scutimer"
"Running Make libs in ps7_cortexa9_0/libsrc/scuwdt_v2_1/src"
make -C ps7_cortexa9_0/libsrc/scuwdt_v2_1/src -s libs  "SHELL=CMD" "COMPILER=arm-none-eabi-gcc" "ARCHIVER=arm-none-eabi-ar" "COMPILER_FLAGS=  -O2 -c" "EXTRA_COMPILER_FLAGS=-mcpu=cortex-a9 -mfpu=vfpv3 -mfloat-abi=hard -nostartfiles -g -Wall -Wextra"
"Compiling scuwdt"
"Running Make libs in ps7_cortexa9_0/libsrc/standalone_v6_6/src"
make -C ps7_cortexa9_0/libsrc/standalone_v6_6/src -s libs  "SHELL=CMD" "COMPILER=arm-none-eabi-gcc" "ARCHIVER=arm-none-eabi-ar" "COMPILER_FLAGS=  -O2 -c" "EXTRA_COMPILER_FLAGS=-mcpu=cortex-a9 -mfpu=vfpv3 -mfloat-abi=hard -nostartfiles -g -Wall -Wextra"
"Compiling standalone"
In file included from sleep.c:57:0:
xtime_l.h:89:9: note: #pragma message: For the sleep routines, Global timer is being used
 #pragma message ("For the sleep routines, Global timer is being used")
         ^~~~~~~
In file included from usleep.c:60:0:
xtime_l.h:89:9: note: #pragma message: For the sleep routines, Global timer is being used
 #pragma message ("For the sleep routines, Global timer is being used")
         ^~~~~~~
In file included from xil_sleeptimer.c:54:0:
xtime_l.h:89:9: note: #pragma message: For the sleep routines, Global timer is being used
 #pragma message ("For the sleep routines, Global timer is being used")
         ^~~~~~~
In file included from xtime_l.c:53:0:
xtime_l.h:89:9: note: #pragma message: For the sleep routines, Global timer is being used
 #pragma message ("For the sleep routines, Global timer is being used")
         ^~~~~~~
"Running Make libs in ps7_cortexa9_0/libsrc/sum_ip_v1_0/src"
make -C ps7_cortexa9_0/libsrc/sum_ip_v1_0/src -s libs  "SHELL=CMD" "COMPILER=arm-none-eabi-gcc" "ARCHIVER=arm-none-eabi-ar" "COMPILER_FLAGS=  -O2 -c" "EXTRA_COMPILER_FLAGS=-mcpu=cortex-a9 -mfpu=vfpv3 -mfloat-abi=hard -nostartfiles -g -Wall -Wextra"
"Compiling sum_ip..."
sum_ip_selftest.c: In function 'SUM_IP_Reg_SelfTest':
sum_ip_selftest.c:52:55: warning: comparison between signed and unsigned integer expressions [-Wsign-compare]
    if ( SUM_IP_mReadReg (baseaddr, read_loop_index*4) != (read_loop_index+1)*READ_WRITE_MUL_FACTOR){
                                                       ^~
sum_ip_selftest.c:36:6: warning: unused variable 'Index' [-Wunused-variable]
  int Index;
      ^~~~~
"Running Make libs in ps7_cortexa9_0/libsrc/uartps_v3_6/src"
make -C ps7_cortexa9_0/libsrc/uartps_v3_6/src -s libs  "SHELL=CMD" "COMPILER=arm-none-eabi-gcc" "ARCHIVER=arm-none-eabi-ar" "COMPILER_FLAGS=  -O2 -c" "EXTRA_COMPILER_FLAGS=-mcpu=cortex-a9 -mfpu=vfpv3 -mfloat-abi=hard -nostartfiles -g -Wall -Wextra"
"Compiling uartps"
"Running Make libs in ps7_cortexa9_0/libsrc/xadcps_v2_2/src"
make -C ps7_cortexa9_0/libsrc/xadcps_v2_2/src -s libs  "SHELL=CMD" "COMPILER=arm-none-eabi-gcc" "ARCHIVER=arm-none-eabi-ar" "COMPILER_FLAGS=  -O2 -c" "EXTRA_COMPILER_FLAGS=-mcpu=cortex-a9 -mfpu=vfpv3 -mfloat-abi=hard -nostartfiles -g -Wall -Wextra"
"Compiling xadcps"
'Finished building libraries'
18:34:41 **** Build of configuration Debug for project sum ****
make pre-build main-build 
a9-linaro-pre-build-step
' '
'Building file: ../src/sum.c'
'Invoking: ARM v7 gcc compiler'
arm-none-eabi-gcc -Wall -O0 -g3 -c -fmessage-length=0 -MT"src/sum.o" -mcpu=cortex-a9 -mfpu=vfpv3 -mfloat-abi=hard -I../../sum_bsp/ps7_cortexa9_0/include -MMD -MP -MF"src/sum.d" -MT"src/sum.o" -o "src/sum.o" "../src/sum.c"
In file included from ../src/sum.c:3:0:
../src/sum.c: In function 'main':
../src/sum.c:16:22: error: 'XPAR_SUM_IP_S_AXI_BASEADDR' undeclared (first use in this function); did you mean 'XPAR_SUM_IP_0_S00_AXI_BASEADDR'?
     SUM_IP_mWriteReg(XPAR_SUM_IP_S_AXI_BASEADDR, SUM_IP_S_AXI_SLV_REG0_OFFSET, opA);
                      ^
../../sum_bsp/ps7_cortexa9_0/include/sum_ip.h:35:15: note: in definition of macro 'SUM_IP_mWriteReg'
    Xil_Out32((BaseAddress) + (RegOffset), (u32)(Data))
               ^~~~~~~~~~~
../src/sum.c:16:22: note: each undeclared identifier is reported only once for each function it appears in
     SUM_IP_mWriteReg(XPAR_SUM_IP_S_AXI_BASEADDR, SUM_IP_S_AXI_SLV_REG0_OFFSET, opA);
                      ^
../../sum_bsp/ps7_cortexa9_0/include/sum_ip.h:35:15: note: in definition of macro 'SUM_IP_mWriteReg'
    Xil_Out32((BaseAddress) + (RegOffset), (u32)(Data))
               ^~~~~~~~~~~
../src/sum.c:16:50: error: 'SUM_IP_S_AXI_SLV_REG0_OFFSET' undeclared (first use in this function); did you mean 'SUM_IP_S00_AXI_SLV_REG0_OFFSET'?
     SUM_IP_mWriteReg(XPAR_SUM_IP_S_AXI_BASEADDR, SUM_IP_S_AXI_SLV_REG0_OFFSET, opA);
                                                  ^
../../sum_bsp/ps7_cortexa9_0/include/sum_ip.h:35:31: note: in definition of macro 'SUM_IP_mWriteReg'
    Xil_Out32((BaseAddress) + (RegOffset), (u32)(Data))
                               ^~~~~~~~~
../src/sum.c:17:50: error: 'SUM_IP_S_AXI_SLV_REG1_OFFSET' undeclared (first use in this function); did you mean 'SUM_IP_S_AXI_SLV_REG0_OFFSET'?
     SUM_IP_mWriteReg(XPAR_SUM_IP_S_AXI_BASEADDR, SUM_IP_S_AXI_SLV_REG1_OFFSET, opB);
                                                  ^
../../sum_bsp/ps7_cortexa9_0/include/sum_ip.h:35:31: note: in definition of macro 'SUM_IP_mWriteReg'
    Xil_Out32((BaseAddress) + (RegOffset), (u32)(Data))
                               ^~~~~~~~~
../src/sum.c:18:55: error: 'SUM_IP_S_AXI_SLV_REG2_OFFSET' undeclared (first use in this function); did you mean 'SUM_IP_S_AXI_SLV_REG1_OFFSET'?
     res = SUM_IP_mReadReg(XPAR_SUM_IP_S_AXI_BASEADDR, SUM_IP_S_AXI_SLV_REG2_OFFSET);
                                                       ^
../../sum_bsp/ps7_cortexa9_0/include/sum_ip.h:55:31: note: in definition of macro 'SUM_IP_mReadReg'
     Xil_In32((BaseAddress) + (RegOffset))
                               ^~~~~~~~~
make: *** [src/sum.o] Error 1
18:36:44 **** Auto Build of configuration Debug for project sum ****
make pre-build main-build 
a9-linaro-pre-build-step
' '
'Building file: ../src/sum.c'
'Invoking: ARM v7 gcc compiler'
arm-none-eabi-gcc -Wall -O0 -g3 -c -fmessage-length=0 -MT"src/sum.o" -mcpu=cortex-a9 -mfpu=vfpv3 -mfloat-abi=hard -I../../sum_bsp/ps7_cortexa9_0/include -MMD -MP -MF"src/sum.d" -MT"src/sum.o" -o "src/sum.o" "../src/sum.c"
'Finished building: ../src/sum.c'
' '
'Building target: sum.elf'
'Invoking: ARM v7 gcc linker'
arm-none-eabi-gcc -mcpu=cortex-a9 -mfpu=vfpv3 -mfloat-abi=hard -Wl,-build-id=none -specs=Xilinx.spec -Wl,-T -Wl,../src/lscript.ld -L../../sum_bsp/ps7_cortexa9_0/lib -o "sum.elf"  ./src/sum.o   -Wl,--start-group,-lxil,-lgcc,-lc,--end-group
'Finished building target: sum.elf'
' '
'Invoking: ARM v7 Print Size'
arm-none-eabi-size sum.elf  |tee "sum.elf.size"
   text	   data	    bss	    dec	    hex	filename
  22196	   1144	  22568	  45908	   b354	sum.elf
'Finished building: sum.elf.size'
' '
18:37:10 **** Incremental Build of configuration Debug for project sum ****
make pre-build main-build 
a9-linaro-pre-build-step
' '
make: No se hace nada para `main-build'.
18:38:01 **** Incremental Build of configuration Debug for project sum ****
make pre-build main-build 
a9-linaro-pre-build-step
' '
make: No se hace nada para `main-build'.
17:39:55 **** Auto Build of configuration Debug for project sum ****
make pre-build main-build 
a9-linaro-pre-build-step
' '
'Building file: ../src/sum.c'
'Invoking: ARM v7 gcc compiler'
arm-none-eabi-gcc -Wall -O0 -g3 -c -fmessage-length=0 -MT"src/sum.o" -mcpu=cortex-a9 -mfpu=vfpv3 -mfloat-abi=hard -I../../sum_bsp/ps7_cortexa9_0/include -MMD -MP -MF"src/sum.d" -MT"src/sum.o" -o "src/sum.o" "../src/sum.c"
'Finished building: ../src/sum.c'
' '
'Building target: sum.elf'
'Invoking: ARM v7 gcc linker'
arm-none-eabi-gcc -mcpu=cortex-a9 -mfpu=vfpv3 -mfloat-abi=hard -Wl,-build-id=none -specs=Xilinx.spec -Wl,-T -Wl,../src/lscript.ld -L../../sum_bsp/ps7_cortexa9_0/lib -o "sum.elf"  ./src/sum.o   -Wl,--start-group,-lxil,-lgcc,-lc,--end-group
'Finished building target: sum.elf'
' '
'Invoking: ARM v7 Print Size'
arm-none-eabi-size sum.elf  |tee "sum.elf.size"
   text	   data	    bss	    dec	    hex	filename
  22196	   1144	  22568	  45908	   b354	sum.elf
'Finished building: sum.elf.size'
' '
17:41:59 **** Incremental Build of configuration Debug for project sum ****
make pre-build main-build 
a9-linaro-pre-build-step
' '
make: No se hace nada para `main-build'.
17:42:23 **** Incremental Build of configuration Debug for project sum ****
make pre-build main-build 
a9-linaro-pre-build-step
' '
make: No se hace nada para `main-build'.
17:42:54 **** Incremental Build of configuration Debug for project sum ****
make pre-build main-build 
a9-linaro-pre-build-step
' '
make: No se hace nada para `main-build'.
17:44:14 **** Incremental Build of configuration Debug for project sum ****
make pre-build main-build 
a9-linaro-pre-build-step
' '
make: No se hace nada para `main-build'.
17:45:01 **** Auto Build of configuration Debug for project sum ****
make pre-build main-build 
a9-linaro-pre-build-step
' '
'Building file: ../src/sum.c'
'Invoking: ARM v7 gcc compiler'
arm-none-eabi-gcc -Wall -O0 -g3 -c -fmessage-length=0 -MT"src/sum.o" -mcpu=cortex-a9 -mfpu=vfpv3 -mfloat-abi=hard -I../../sum_bsp/ps7_cortexa9_0/include -MMD -MP -MF"src/sum.d" -MT"src/sum.o" -o "src/sum.o" "../src/sum.c"
'Finished building: ../src/sum.c'
' '
'Building target: sum.elf'
'Invoking: ARM v7 gcc linker'
arm-none-eabi-gcc -mcpu=cortex-a9 -mfpu=vfpv3 -mfloat-abi=hard -Wl,-build-id=none -specs=Xilinx.spec -Wl,-T -Wl,../src/lscript.ld -L../../sum_bsp/ps7_cortexa9_0/lib -o "sum.elf"  ./src/sum.o   -Wl,--start-group,-lxil,-lgcc,-lc,--end-group
'Finished building target: sum.elf'
' '
'Invoking: ARM v7 Print Size'
arm-none-eabi-size sum.elf  |tee "sum.elf.size"
   text	   data	    bss	    dec	    hex	filename
  22132	   1144	  22568	  45844	   b314	sum.elf
'Finished building: sum.elf.size'
' '
17:45:14 **** Auto Build of configuration Debug for project sum ****
make pre-build main-build 
a9-linaro-pre-build-step
' '
'Building file: ../src/sum.c'
'Invoking: ARM v7 gcc compiler'
arm-none-eabi-gcc -Wall -O0 -g3 -c -fmessage-length=0 -MT"src/sum.o" -mcpu=cortex-a9 -mfpu=vfpv3 -mfloat-abi=hard -I../../sum_bsp/ps7_cortexa9_0/include -MMD -MP -MF"src/sum.d" -MT"src/sum.o" -o "src/sum.o" "../src/sum.c"
'Finished building: ../src/sum.c'
' '
'Building target: sum.elf'
'Invoking: ARM v7 gcc linker'
arm-none-eabi-gcc -mcpu=cortex-a9 -mfpu=vfpv3 -mfloat-abi=hard -Wl,-build-id=none -specs=Xilinx.spec -Wl,-T -Wl,../src/lscript.ld -L../../sum_bsp/ps7_cortexa9_0/lib -o "sum.elf"  ./src/sum.o   -Wl,--start-group,-lxil,-lgcc,-lc,--end-group
'Finished building target: sum.elf'
' '
'Invoking: ARM v7 Print Size'
arm-none-eabi-size sum.elf  |tee "sum.elf.size"
   text	   data	    bss	    dec	    hex	filename
  22132	   1144	  22568	  45844	   b314	sum.elf
'Finished building: sum.elf.size'
' '
17:45:44 **** Incremental Build of configuration Debug for project sum ****
make pre-build main-build 
a9-linaro-pre-build-step
' '
make: No se hace nada para `main-build'.
17:46:01 **** Auto Build of configuration Debug for project sum ****
make pre-build main-build 
a9-linaro-pre-build-step
' '
'Building file: ../src/sum.c'
'Invoking: ARM v7 gcc compiler'
arm-none-eabi-gcc -Wall -O0 -g3 -c -fmessage-length=0 -MT"src/sum.o" -mcpu=cortex-a9 -mfpu=vfpv3 -mfloat-abi=hard -I../../sum_bsp/ps7_cortexa9_0/include -MMD -MP -MF"src/sum.d" -MT"src/sum.o" -o "src/sum.o" "../src/sum.c"
'Finished building: ../src/sum.c'
' '
'Building target: sum.elf'
'Invoking: ARM v7 gcc linker'
arm-none-eabi-gcc -mcpu=cortex-a9 -mfpu=vfpv3 -mfloat-abi=hard -Wl,-build-id=none -specs=Xilinx.spec -Wl,-T -Wl,../src/lscript.ld -L../../sum_bsp/ps7_cortexa9_0/lib -o "sum.elf"  ./src/sum.o   -Wl,--start-group,-lxil,-lgcc,-lc,--end-group
'Finished building target: sum.elf'
' '
'Invoking: ARM v7 Print Size'
arm-none-eabi-size sum.elf  |tee "sum.elf.size"
   text	   data	    bss	    dec	    hex	filename
  22132	   1144	  22568	  45844	   b314	sum.elf
'Finished building: sum.elf.size'
' '
17:46:11 **** Incremental Build of configuration Debug for project sum ****
make pre-build main-build 
a9-linaro-pre-build-step
' '
make: No se hace nada para `main-build'.
17:46:32 **** Auto Build of configuration Debug for project sum ****
make pre-build main-build 
a9-linaro-pre-build-step
' '
'Building file: ../src/sum.c'
'Invoking: ARM v7 gcc compiler'
arm-none-eabi-gcc -Wall -O0 -g3 -c -fmessage-length=0 -MT"src/sum.o" -mcpu=cortex-a9 -mfpu=vfpv3 -mfloat-abi=hard -I../../sum_bsp/ps7_cortexa9_0/include -MMD -MP -MF"src/sum.d" -MT"src/sum.o" -o "src/sum.o" "../src/sum.c"
'Finished building: ../src/sum.c'
' '
'Building target: sum.elf'
'Invoking: ARM v7 gcc linker'
arm-none-eabi-gcc -mcpu=cortex-a9 -mfpu=vfpv3 -mfloat-abi=hard -Wl,-build-id=none -specs=Xilinx.spec -Wl,-T -Wl,../src/lscript.ld -L../../sum_bsp/ps7_cortexa9_0/lib -o "sum.elf"  ./src/sum.o   -Wl,--start-group,-lxil,-lgcc,-lc,--end-group
'Finished building target: sum.elf'
' '
'Invoking: ARM v7 Print Size'
arm-none-eabi-size sum.elf  |tee "sum.elf.size"
   text	   data	    bss	    dec	    hex	filename
  22132	   1144	  22568	  45844	   b314	sum.elf
'Finished building: sum.elf.size'
' '
17:46:51 **** Incremental Build of configuration Debug for project sum ****
make pre-build main-build 
a9-linaro-pre-build-step
' '
make: No se hace nada para `main-build'.
